<?xml version="1.0" encoding="UTF-8"?>
<TestRun id="d72763d6-6af9-44b8-8200-219c2d1c013e" name="HolperM@LENOVAKLEINMHO 2010-06-28 21:42:10" runUser="COMPAX\HolperM" xmlns="http://microsoft.com/schemas/VisualStudio/TeamTest/2006">
  <TestRunConfiguration name="Lokaler Testlauf" id="3cde0e70-9e75-4b76-a987-9e1d702958f0">
    <Description>Dies ist eine standardmäßige Testlaufkonfiguration für einen lokalen Testlauf.</Description>
    <Deployment runDeploymentRoot="C:\Projekte\SPR-FH\svn\HeuristicLab\HeuristicLab.Services.Authentication Prototyp\HeuristicLab.Services.Authentication Prototype\TestResults\HolperM_LENOVAKLEINMHO 2010-06-28 21_42_10">
      <DeploymentItem filename="C:\Projekte\SPR-FH\svn\HeuristicLab\HeuristicLab.Services.Authentication Prototyp\HeuristicLab.Services.Authentication Prototype\Service\bin\Debug\Service.dll" />
      <DeploymentItem filename="C:\Projekte\SPR-FH\svn\HeuristicLab\HeuristicLab.Services.Authentication Prototyp\HeuristicLab.Services.Authentication Prototype\Persistence\bin\Debug\Persistence.dll" />
    </Deployment>
    <TestTypeSpecific />
  </TestRunConfiguration>
  <ResultSummary outcome="Failed">
    <Counters total="1" executed="1" error="0" failed="1" timeout="0" aborted="0" inconclusive="0" passedButRunAborted="0" notRunnable="0" notExecuted="0" disconnected="0" warning="0" passed="0" completed="0" inProgress="0" pending="0" />
  </ResultSummary>
  <Times creation="2010-06-28T21:42:10.6146108+02:00" queuing="2010-06-28T21:42:15.2830776+02:00" start="2010-06-28T21:42:15.6061099+02:00" finish="2010-06-28T21:42:22.1747667+02:00" />
  <TestDefinitions>
    <UnitTest name="RemoveUsersFromRolesTest" storage="c:\projekte\spr-fh\svn\heuristiclab\heuristiclab.services.authentication prototyp\heuristiclab.services.authentication prototype\unittests\bin\debug\unittests.dll" id="ac003d48-3914-cbfc-71f8-06b626d85e48">
      <Css projectStructure="" iteration="" />
      <Owners>
        <Owner name="" />
      </Owners>
      <Execution id="75d9c6bd-8233-46c7-940e-f9f6cd68c5f7" />
      <TestMethod codeBase="C:\Projekte\SPR-FH\svn\HeuristicLab\HeuristicLab.Services.Authentication Prototyp\HeuristicLab.Services.Authentication Prototype\UnitTests\bin\Debug\UnitTests.dll" adapterTypeName="Microsoft.VisualStudio.TestTools.TestTypes.Unit.UnitTestAdapter, Microsoft.VisualStudio.QualityTools.Tips.UnitTest.Adapter, Version=9.0.0.0, Culture=neutral, PublicKeyToken=b03f5f7f11d50a3a" className="UnitTests.HeuristicLabRoleProviderTest, UnitTests" name="RemoveUsersFromRolesTest" />
    </UnitTest>
  </TestDefinitions>
  <TestLists>
    <TestList name="Results Not in a List" id="8c84fa94-04c1-424b-9868-57a2d4851a1d" />
    <TestList name="All Loaded Results" id="19431567-8539-422a-85d7-44ee4e166bda" />
  </TestLists>
  <TestEntries>
    <TestEntry testId="ac003d48-3914-cbfc-71f8-06b626d85e48" executionId="75d9c6bd-8233-46c7-940e-f9f6cd68c5f7" testListId="8c84fa94-04c1-424b-9868-57a2d4851a1d" />
  </TestEntries>
  <Results>
    <UnitTestResult executionId="75d9c6bd-8233-46c7-940e-f9f6cd68c5f7" testId="ac003d48-3914-cbfc-71f8-06b626d85e48" testName="RemoveUsersFromRolesTest" computerName="LENOVAKLEINMHO" duration="00:00:04.4067689" startTime="2010-06-28T21:42:15.7181211+02:00" endTime="2010-06-28T21:42:20.5316024+02:00" testType="13cdc9d9-ddb5-4fa4-a97d-d965ccfc6d4b" outcome="Failed" testListId="8c84fa94-04c1-424b-9868-57a2d4851a1d">
      <Output>
        <StdOut>Deleting old database...
Deleted old database!
Creating new database...
Created new database!</StdOut>
        <ErrorInfo>
          <Message>Test method UnitTests.HeuristicLabRoleProviderTest.RemoveUsersFromRolesTest threw exception:  System.NullReferenceException: Der Objektverweis wurde nicht auf eine Objektinstanz festgelegt..</Message>
          <StackTrace>    bei Persistence.HeuristicLabUserRole.Equals(Object obj) in C:\Projekte\SPR-FH\svn\HeuristicLab\HeuristicLab.Services.Authentication Prototyp\HeuristicLab.Services.Authentication Prototype\Persistence\HeuristicLabUserRole.cs:Zeile 9.
   bei System.Collections.Generic.ObjectEqualityComparer`1.Equals(T x, T y)
   bei System.Collections.Generic.Dictionary`2.FindEntry(TKey key)
   bei System.Collections.Generic.Dictionary`2.TryGetValue(TKey key, TValue&amp; value)
   bei System.Data.Linq.ChangeTracker.StandardChangeTracker.OnPropertyChanging(Object sender, PropertyChangingEventArgs args)
   bei Persistence.HeuristicLabUserRole.SendPropertyChanging() in C:\Projekte\SPR-FH\svn\HeuristicLab\HeuristicLab.Services.Authentication Prototyp\HeuristicLab.Services.Authentication Prototype\Persistence\DataClasses.designer.cs:Zeile 691.
   bei Persistence.HeuristicLabUserRole.set_HeuristicLabRole(HeuristicLabRole value) in C:\Projekte\SPR-FH\svn\HeuristicLab\HeuristicLab.Services.Authentication Prototyp\HeuristicLab.Services.Authentication Prototype\Persistence\DataClasses.designer.cs:Zeile 662.
   bei Persistence.HeuristicLabRole.detach_HeuristicLabUserRole(HeuristicLabUserRole entity) in C:\Projekte\SPR-FH\svn\HeuristicLab\HeuristicLab.Services.Authentication Prototyp\HeuristicLab.Services.Authentication Prototype\Persistence\DataClasses.designer.cs:Zeile 508.
   bei System.Data.Linq.EntitySet`1.OnRemove(TEntity entity)
   bei System.Data.Linq.EntitySet`1.Remove(TEntity entity)
   bei System.Data.Linq.EntitySet`1.System.Collections.IList.Remove(Object value)
   bei System.Data.Linq.ChangeProcessor.ClearForeignKeyReferences(TrackedObject to)
   bei System.Data.Linq.ChangeProcessor.PostProcessUpdates(List`1 insertedItems, List`1 deletedItems)
   bei System.Data.Linq.ChangeProcessor.SubmitChanges(ConflictMode failureMode)
   bei System.Data.Linq.DataContext.SubmitChanges(ConflictMode failureMode)
   bei System.Data.Linq.DataContext.SubmitChanges()
   bei Service.Provider.HeuristicLabRoleProvider.RemoveUsersFromRoles(String[] usernames, String[] roleNames) in C:\Projekte\SPR-FH\svn\HeuristicLab\HeuristicLab.Services.Authentication Prototyp\HeuristicLab.Services.Authentication Prototype\Service\Provider\HeuristicLabRoleProvider.cs:Zeile 151.
   bei UnitTests.HeuristicLabRoleProviderTest.RemoveUsersFromRolesTest() in C:\Projekte\SPR-FH\svn\HeuristicLab\HeuristicLab.Services.Authentication Prototyp\HeuristicLab.Services.Authentication Prototype\UnitTests\HeuristicLabRoleProviderTest.cs:Zeile 110.
</StackTrace>
        </ErrorInfo>
      </Output>
    </UnitTestResult>
  </Results>
</TestRun>