<?xml version="1.0" encoding="UTF-8"?>
<TestRun id="ed24bec5-1c4a-4301-93e8-18477c5339c4" name="HolperM@LENOVAKLEINMHO 2010-07-01 20:47:55" runUser="COMPAX\HolperM" xmlns="http://microsoft.com/schemas/VisualStudio/TeamTest/2006">
  <TestRunConfiguration name="Lokaler Testlauf" id="3cde0e70-9e75-4b76-a987-9e1d702958f0">
    <Description>Dies ist eine standardmäßige Testlaufkonfiguration für einen lokalen Testlauf.</Description>
    <Deployment runDeploymentRoot="C:\Projekte\SPR-FH\svn\HeuristicLab\HeuristicLab.Services.Authentication Prototyp\HeuristicLab.Services.Authentication Prototype\TestResults\HolperM_LENOVAKLEINMHO 2010-07-01 20_47_55">
      <DeploymentItem filename="C:\Projekte\SPR-FH\svn\HeuristicLab\HeuristicLab.Services.Authentication Prototyp\HeuristicLab.Services.Authentication Prototype\Service\bin\Debug\Service.dll" />
      <DeploymentItem filename="C:\Projekte\SPR-FH\svn\HeuristicLab\HeuristicLab.Services.Authentication Prototyp\HeuristicLab.Services.Authentication Prototype\Persistence\bin\Debug\Persistence.dll" />
    </Deployment>
    <TestTypeSpecific />
  </TestRunConfiguration>
  <ResultSummary outcome="Failed">
    <Counters total="1" executed="1" error="0" failed="1" timeout="0" aborted="0" inconclusive="0" passedButRunAborted="0" notRunnable="0" notExecuted="0" disconnected="0" warning="0" passed="0" completed="0" inProgress="0" pending="0" />
  </ResultSummary>
  <Times creation="2010-07-01T20:47:55.3235009+02:00" queuing="2010-07-01T20:48:05.8761045+02:00" start="2010-07-01T20:48:06.2751273+02:00" finish="2010-07-01T20:48:09.3313021+02:00" />
  <TestDefinitions>
    <UnitTest name="RemoveUsersFromRolesTest" storage="c:\projekte\spr-fh\svn\heuristiclab\heuristiclab.services.authentication prototyp\heuristiclab.services.authentication prototype\unittests\bin\debug\unittests.dll" id="ac003d48-3914-cbfc-71f8-06b626d85e48">
      <Css projectStructure="" iteration="" />
      <Owners>
        <Owner name="" />
      </Owners>
      <Execution id="6866d212-3d66-4ca5-9f9c-43fdd450ebe6" />
      <TestMethod codeBase="C:\Projekte\SPR-FH\svn\HeuristicLab\HeuristicLab.Services.Authentication Prototyp\HeuristicLab.Services.Authentication Prototype\UnitTests\bin\Debug\UnitTests.dll" adapterTypeName="Microsoft.VisualStudio.TestTools.TestTypes.Unit.UnitTestAdapter, Microsoft.VisualStudio.QualityTools.Tips.UnitTest.Adapter, Version=9.0.0.0, Culture=neutral, PublicKeyToken=b03f5f7f11d50a3a" className="UnitTests.HeuristicLabRoleProviderTest, UnitTests" name="RemoveUsersFromRolesTest" />
    </UnitTest>
  </TestDefinitions>
  <TestLists>
    <TestList name="Results Not in a List" id="8c84fa94-04c1-424b-9868-57a2d4851a1d" />
    <TestList name="All Loaded Results" id="19431567-8539-422a-85d7-44ee4e166bda" />
  </TestLists>
  <TestEntries>
    <TestEntry testId="ac003d48-3914-cbfc-71f8-06b626d85e48" executionId="6866d212-3d66-4ca5-9f9c-43fdd450ebe6" testListId="8c84fa94-04c1-424b-9868-57a2d4851a1d" />
  </TestEntries>
  <Results>
    <UnitTestResult executionId="6866d212-3d66-4ca5-9f9c-43fdd450ebe6" testId="ac003d48-3914-cbfc-71f8-06b626d85e48" testName="RemoveUsersFromRolesTest" computerName="LENOVAKLEINMHO" duration="00:00:02.3188194" startTime="2010-07-01T20:48:06.4111351+02:00" endTime="2010-07-01T20:48:09.1622924+02:00" testType="13cdc9d9-ddb5-4fa4-a97d-d965ccfc6d4b" outcome="Failed" testListId="8c84fa94-04c1-424b-9868-57a2d4851a1d">
      <Output>
        <ErrorInfo>
          <Message>Initialization method UnitTests.HeuristicLabRoleProviderTest.updateDBConnection threw exception. System.Data.SqlClient.SqlException:  System.Data.SqlClient.SqlException: Failed to generate a user instance of SQL Server due to a failure in starting the process for the user instance. The connection will be closed..</Message>
          <StackTrace>    bei System.Data.SqlClient.SqlInternalConnection.OnError(SqlException exception, Boolean breakConnection)
   bei System.Data.SqlClient.TdsParser.ThrowExceptionAndWarning(TdsParserStateObject stateObj)
   bei System.Data.SqlClient.TdsParser.Run(RunBehavior runBehavior, SqlCommand cmdHandler, SqlDataReader dataStream, BulkCopySimpleResultSet bulkCopyHandler, TdsParserStateObject stateObj)
   bei System.Data.SqlClient.SqlInternalConnectionTds.CompleteLogin(Boolean enlistOK)
   bei System.Data.SqlClient.SqlInternalConnectionTds.AttemptOneLogin(ServerInfo serverInfo, String newPassword, Boolean ignoreSniOpenTimeout, Int64 timerExpire, SqlConnection owningObject)
   bei System.Data.SqlClient.SqlInternalConnectionTds.LoginNoFailover(String host, String newPassword, Boolean redirectedUserInstance, SqlConnection owningObject, SqlConnectionString connectionOptions, Int64 timerStart)
   bei System.Data.SqlClient.SqlInternalConnectionTds.OpenLoginEnlist(SqlConnection owningObject, SqlConnectionString connectionOptions, String newPassword, Boolean redirectedUserInstance)
   bei System.Data.SqlClient.SqlInternalConnectionTds..ctor(DbConnectionPoolIdentity identity, SqlConnectionString connectionOptions, Object providerInfo, String newPassword, SqlConnection owningObject, Boolean redirectedUserInstance)
   bei System.Data.SqlClient.SqlConnectionFactory.CreateConnection(DbConnectionOptions options, Object poolGroupProviderInfo, DbConnectionPool pool, DbConnection owningConnection)
   bei System.Data.ProviderBase.DbConnectionFactory.CreatePooledConnection(DbConnection owningConnection, DbConnectionPool pool, DbConnectionOptions options)
   bei System.Data.ProviderBase.DbConnectionPool.CreateObject(DbConnection owningObject)
   bei System.Data.ProviderBase.DbConnectionPool.UserCreateRequest(DbConnection owningObject)
   bei System.Data.ProviderBase.DbConnectionPool.GetConnection(DbConnection owningObject)
   bei System.Data.ProviderBase.DbConnectionFactory.GetConnection(DbConnection owningConnection)
   bei System.Data.ProviderBase.DbConnectionClosed.OpenConnection(DbConnection outerConnection, DbConnectionFactory connectionFactory)
   bei System.Data.SqlClient.SqlConnection.Open()
   bei System.Data.Linq.SqlClient.SqlConnectionManager.UseConnection(IConnectionUser user)
   bei System.Data.Linq.SqlClient.SqlProvider.System.Data.Linq.Provider.IProvider.CreateDatabase()
   bei System.Data.Linq.DataContext.CreateDatabase()
   bei Persistence.DatabaseUtil.createDatabase(DataClassesDataContext db) in C:\Projekte\SPR-FH\svn\HeuristicLab\HeuristicLab.Services.Authentication Prototyp\HeuristicLab.Services.Authentication Prototype\Persistence\DatabaseUtil.cs:Zeile 34.
   bei UnitTests.AbstractHeuristicLabTest.updateDBConnection() in C:\Projekte\SPR-FH\svn\HeuristicLab\HeuristicLab.Services.Authentication Prototyp\HeuristicLab.Services.Authentication Prototype\UnitTests\AbstractHeuristicLabTest.cs:Zeile 30.
</StackTrace>
        </ErrorInfo>
      </Output>
    </UnitTestResult>
  </Results>
</TestRun>